2026-08-16 06:15:14.710: [INFO] CurrentProfilePath: C:\Users\om khedkar\Desktop\Bank Management System\.metadata\.plugins\org.eclipse.swt\EBWebView\Default
2026-08-16 06:15:14.711: [INFO] Profiles total count: 1
2026-08-16 06:15:14.711: [INFO] Profile: name=Profile 1 path=C:\Users\om khedkar\Desktop\Bank Management System\.metadata\.plugins\org.eclipse.swt\EBWebView\Default lastActive=null
2026-08-16 06:15:14.711: [INFO] LastUsedProfileDir: C:\Users\om khedkar\Desktop\Bank Management System\.metadata\.plugins\org.eclipse.swt\EBWebView\Default
2026-08-16 06:15:14.711: [INFO] OnDoneLoading sync enabled: 0
2026-08-16 06:15:14.711: [INFO] BookmarkModelLoaded, ids_reassigned: 0
2026-08-16 06:15:14.711: [INFO] BookmarksLoadDropped droppedNodes=0
2026-08-16 06:15:14.711: [INFO] BookmarksSnapshot Startup total=0 bar=0 other=0 mobile=0 showBar=0 showBarNTP=1
2026-08-16 06:16:35.377: [INFO] BookmarksSnapshot Shutdown total=0 bar=0 other=0 mobile=0 showBar=0 showBarNTP=1
2026-08-16 06:47:37.348: [INFO] CurrentProfilePath: C:\Users\om khedkar\Desktop\Bank Management System\.metadata\.plugins\org.eclipse.swt\EBWebView\Default
2026-08-16 06:47:37.348: [INFO] Profiles total count: 1
2026-08-16 06:47:37.348: [INFO] Profile: name=Profile 1 path=C:\Users\om khedkar\Desktop\Bank Management System\.metadata\.plugins\org.eclipse.swt\EBWebView\Default lastActive=2026-08-16T06:16:33.137Z
2026-08-16 06:47:37.348: [INFO] LastUsedProfileDir: C:\Users\om khedkar\Desktop\Bank Management System\.metadata\.plugins\org.eclipse.swt\EBWebView\Default
2026-08-16 06:47:37.348: [INFO] MostRecentlyActiveProfile: name=Profile 1 path=C:\Users\om khedkar\Desktop\Bank Management System\.metadata\.plugins\org.eclipse.swt\EBWebView\Default lastActive=2026-08-16T06:16:33.137Z
2026-08-16 06:47:37.348: [INFO] OnDoneLoading sync enabled: 0
2026-08-16 06:47:37.348: [INFO] BookmarkModelLoaded, ids_reassigned: 0
2026-08-16 06:47:37.348: [INFO] BookmarksLoadDropped droppedNodes=0
2026-08-16 06:47:37.348: [INFO] BookmarksSnapshot Startup total=0 bar=0 other=0 mobile=0 showBar=0 showBarNTP=1
2026-08-16 06:48:28.333: [INFO] BookmarksSnapshot Shutdown total=0 bar=0 other=0 mobile=0 showBar=0 showBarNTP=1
2026-08-16 06:48:28.429: [INFO] CurrentProfilePath: C:\Users\om khedkar\Desktop\Bank Management System\.metadata\.plugins\org.eclipse.swt\EBWebView\Default
2026-08-16 06:48:28.429: [INFO] Profiles total count: 1
2026-08-16 06:48:28.429: [INFO] Profile: name=Profile 1 path=C:\Users\om khedkar\Desktop\Bank Management System\.metadata\.plugins\org.eclipse.swt\EBWebView\Default lastActive=2026-08-16T06:16:33.137Z
2026-08-16 06:48:28.429: [INFO] LastUsedProfileDir: C:\Users\om khedkar\Desktop\Bank Management System\.metadata\.plugins\org.eclipse.swt\EBWebView\Default
2026-08-16 06:48:28.429: [INFO] MostRecentlyActiveProfile: name=Profile 1 path=C:\Users\om khedkar\Desktop\Bank Management System\.metadata\.plugins\org.eclipse.swt\EBWebView\Default lastActive=2026-08-16T06:16:33.137Z
2026-08-16 06:48:28.429: [INFO] OnDoneLoading sync enabled: 0
2026-08-16 06:48:28.429: [INFO] BookmarkModelLoaded, ids_reassigned: 0
2026-08-16 06:48:28.429: [INFO] BookmarksLoadDropped droppedNodes=0
2026-08-16 06:48:28.429: [INFO] BookmarksSnapshot Startup total=0 bar=0 other=0 mobile=0 showBar=0 showBarNTP=1
2026-08-16 06:54:04.420: [INFO] BookmarksSnapshot Shutdown total=0 bar=0 other=0 mobile=0 showBar=0 showBarNTP=1
